exports[`test No options -- dark tone class 1`] = `
"<a tabindex=\"0\" class=\"pe-button pe-text-button pe-raised-button\">
<div class=\"pe-button__content\">
  <div class=\"pe-shadow pe-shadow--animated\">
    <div class=\"pe-shadow__bottom pe-shadow--z-1\"></div>
    <div class=\"pe-shadow__top pe-shadow--z-1\"></div>
  </div>
  <div class=\"pe-ripple pe-ripple--constrained\">
    <div class=\"pe-ripple__mask\">
      <div class=\"pe-ripple__waves\"></div>
    </div>
  </div>
  <div class=\"pe-button__wash\"></div>
  <div class=\"pe-button__focus\"></div>
  <div class=\"pe-button__label\">
    Toggle
  </div>
</div></a>
<div style=\"display: flex; margin: 20px 0px 0px 0px;\">
  <div style=\"margin-right: 20px;\">
    <span class=\"pe-spinner__placeholder\"></span>
  </div>
</div>
"
`;

exports[`test No options 1`] = `
"<a tabindex=\"0\" class=\"pe-button pe-text-button pe-raised-button\">
<div class=\"pe-button__content\">
  <div class=\"pe-shadow pe-shadow--animated\">
    <div class=\"pe-shadow__bottom pe-shadow--z-1\"></div>
    <div class=\"pe-shadow__top pe-shadow--z-1\"></div>
  </div>
  <div class=\"pe-ripple pe-ripple--constrained\">
    <div class=\"pe-ripple__mask\">
      <div class=\"pe-ripple__waves\"></div>
    </div>
  </div>
  <div class=\"pe-button__wash\"></div>
  <div class=\"pe-button__focus\"></div>
  <div class=\"pe-button__label\">
    Toggle
  </div>
</div></a>
<div style=\"display: flex; margin: 20px 0px 0px 0px;\">
  <div style=\"margin-right: 20px;\">
    <span class=\"pe-spinner__placeholder\"></span>
  </div>
</div>
"
`;

exports[`test Option: permanent 1`] = `
"<div class=
\"pe-spinner pe-ios-spinner pe-spinner--regular pe-spinner--permanent\">
<div></div>
  <div></div>
  <div></div>
  <div></div>
  <div></div>
  <div></div>
  <div></div>
  <div></div>
  <div></div>
  <div></div>
  <div></div>
  <div></div>
</div>
"
`;

exports[`test Option: raised, z 1`] = `
"<a tabindex=\"0\" class=\"pe-button pe-text-button pe-raised-button\">
<div class=\"pe-button__content\">
  <div class=\"pe-shadow pe-shadow--animated\">
    <div class=\"pe-shadow__bottom pe-shadow--z-1\"></div>
    <div class=\"pe-shadow__top pe-shadow--z-1\"></div>
  </div>
  <div class=\"pe-ripple pe-ripple--constrained\">
    <div class=\"pe-ripple__mask\">
      <div class=\"pe-ripple__waves\"></div>
    </div>
  </div>
  <div class=\"pe-button__wash\"></div>
  <div class=\"pe-button__focus\"></div>
  <div class=\"pe-button__label\">
    Toggle
  </div>
</div></a>
<div style=\"display: flex; margin: 20px 0px 0px 0px;\">
  <div style=\"margin-right: 20px;\">
    <span class=\"pe-spinner__placeholder\"></span>
  </div>
  <div style=\"margin-right: 20px;\">
    <span class=\"pe-spinner__placeholder\"></span>
  </div>
  <div style=\"margin-right: 20px;\">
    <span class=\"pe-spinner__placeholder\"></span>
  </div>
  <div style=\"margin-right: 20px;\">
    <span class=\"pe-spinner__placeholder\"></span>
  </div>
  <div style=\"margin-right: 20px;\">
    <span class=\"pe-spinner__placeholder\"></span>
  </div>
  <div style=\"margin-right: 20px;\">
    <span class=\"pe-spinner__placeholder\"></span>
  </div>
</div>
"
`;

exports[`test Option: type (small, regular, medium, large, fab) 1`] = `
"<a tabindex=\"0\" class=\"pe-button pe-text-button pe-raised-button\">
<div class=\"pe-button__content\">
  <div class=\"pe-shadow pe-shadow--animated\">
    <div class=\"pe-shadow__bottom pe-shadow--z-1\"></div>
    <div class=\"pe-shadow__top pe-shadow--z-1\"></div>
  </div>
  <div class=\"pe-ripple pe-ripple--constrained\">
    <div class=\"pe-ripple__mask\">
      <div class=\"pe-ripple__waves\"></div>
    </div>
  </div>
  <div class=\"pe-button__wash\"></div>
  <div class=\"pe-button__focus\"></div>
  <div class=\"pe-button__label\">
    Toggle
  </div>
</div></a>
<div style=\"display: flex; margin: 20px 0px 0px 0px;\">
  <div style=\"margin-right: 20px;\">
    <span class=\"pe-spinner__placeholder\"></span>
  </div>
  <div style=\"margin-right: 20px;\">
    <span class=\"pe-spinner__placeholder\"></span>
  </div>
  <div style=\"margin-right: 20px;\">
    <span class=\"pe-spinner__placeholder\"></span>
  </div>
  <div style=\"margin-right: 20px;\">
    <span class=\"pe-spinner__placeholder\"></span>
  </div>
  <div style=\"margin-right: 20px;\">
    <span class=\"pe-spinner__placeholder\"></span>
  </div>
</div>
"
`;

exports[`test Style (color) 1`] = `
"<a tabindex=\"0\" class=\"pe-button pe-text-button pe-raised-button\">
<div class=\"pe-button__content\">
  <div class=\"pe-shadow pe-shadow--animated\">
    <div class=\"pe-shadow__bottom pe-shadow--z-1\"></div>
    <div class=\"pe-shadow__top pe-shadow--z-1\"></div>
  </div>
  <div class=\"pe-ripple pe-ripple--constrained\">
    <div class=\"pe-ripple__mask\">
      <div class=\"pe-ripple__waves\"></div>
    </div>
  </div>
  <div class=\"pe-button__wash\"></div>
  <div class=\"pe-button__focus\"></div>
  <div class=\"pe-button__label\">
    Toggle
  </div>
</div></a>
<div style=\"display: flex; margin: 20px 0px 0px 0px;\">
  <div style=\"margin-right: 20px;\">
    <span class=\"pe-spinner__placeholder\"></span>
  </div>
</div>
"
`;

exports[`test Theme (color) 1`] = `
"<a tabindex=\"0\" class=\"pe-button pe-text-button pe-raised-button\">
<div class=\"pe-button__content\">
  <div class=\"pe-shadow pe-shadow--animated\">
    <div class=\"pe-shadow__bottom pe-shadow--z-1\"></div>
    <div class=\"pe-shadow__top pe-shadow--z-1\"></div>
  </div>
  <div class=\"pe-ripple pe-ripple--constrained\">
    <div class=\"pe-ripple__mask\">
      <div class=\"pe-ripple__waves\"></div>
    </div>
  </div>
  <div class=\"pe-button__wash\"></div>
  <div class=\"pe-button__focus\"></div>
  <div class=\"pe-button__label\">
    Toggle
  </div>
</div></a>
<div style=\"display: flex; margin: 20px 0px 0px 0px;\">
  <div style=\"margin-right: 20px;\">
    <span class=\"pe-spinner__placeholder\"></span>
  </div>
</div>
"
`;
